
> workspace@1.0.0 build
> node scripts/sync-attendance-vendor.mjs && vite build && node scripts/postbuild-dist.mjs

[sync-attendance-vendor] copied @supabase/supabase-js UMD build to attendance/vendor/supabase.js
vite v6.4.2 building for production...
transforming...
frontend/src/screens/attendance-control.js?v=20261005-manager-reopen-hierarchy-v1 (117:37): "default" is not exported by "../../scheduling-pr1/repo/node_modules/xlsx/xlsx.mjs", imported by "frontend/src/screens/attendance-control.js?v=20261005-manager-reopen-hierarchy-v1".
frontend/src/screens/attendance-control.js (117:37): "default" is not exported by "../../scheduling-pr1/repo/node_modules/xlsx/xlsx.mjs", imported by "frontend/src/screens/attendance-control.js".
✓ 810 modules transformed.
rendering chunks...
[plugin vite:reporter]
(!) /workspace/work/scheduling-pr3-worker/repo/frontend/src/activity-drawer-inline-layout.js is dynamically imported by /workspace/work/scheduling-pr3-worker/repo/frontend/src/feature-loaders.js but also statically imported by /workspace/work/scheduling-pr3-worker/repo/frontend/src/activity-drawer-layout-pipeline.js, dynamic import will not move module into another chunk.

[plugin vite:reporter]
(!) /workspace/work/scheduling-pr3-worker/repo/frontend/src/activity-drawer-edit-dedup.js is dynamically imported by /workspace/work/scheduling-pr3-worker/repo/frontend/src/feature-loaders.js but also statically imported by /workspace/work/scheduling-pr3-worker/repo/frontend/src/activity-drawer-layout-pipeline.js, /workspace/work/scheduling-pr3-worker/repo/frontend/src/screens/shared/bind-activity-edit-form.js, dynamic import will not move module into another chunk.

[plugin vite:reporter]
(!) /workspace/work/scheduling-pr3-worker/repo/frontend/src/screens/activities.js is dynamically imported by /workspace/work/scheduling-pr3-worker/repo/frontend/src/dashboard-drilldown-runtime.js?v=20260821-v1, /workspace/work/scheduling-pr3-worker/repo/frontend/src/feature-loaders.js, /workspace/work/scheduling-pr3-worker/repo/frontend/src/main.js but also statically imported by /workspace/work/scheduling-pr3-worker/repo/frontend/src/activities-tabs-corrections.js, /workspace/work/scheduling-pr3-worker/repo/frontend/src/activity-performance-runtime.js, /workspace/work/scheduling-pr3-worker/repo/frontend/src/israa-activities-main-workspace.js?v=20260926-v7, /workspace/work/scheduling-pr3-worker/repo/frontend/src/israa-management-activities-ux-fix.js?v=20260824-v1, dynamic import will not move module into another chunk.

[plugin vite:reporter]
(!) /workspace/work/scheduling-pr3-worker/repo/frontend/src/feature-loaders.js is dynamically imported by /workspace/work/scheduling-pr3-worker/repo/frontend/src/main.js but also statically imported by /workspace/work/scheduling-pr3-worker/repo/frontend/src/feature-route-loader.js, /workspace/work/scheduling-pr3-worker/repo/frontend/src/manager-board-interactions-runtime.js?v=20260910-manager-board-direct-interactions-v1, /workspace/work/scheduling-pr3-worker/repo/frontend/src/progressive-route-warmup.js, /workspace/work/scheduling-pr3-worker/repo/frontend/src/screens/proposals-agreements.js, /workspace/work/scheduling-pr3-worker/repo/frontend/src/screens/proposals-agreements.js?v=20260912-client-drawer-cleanup-v1, dynamic import will not move module into another chunk.

[plugin vite:reporter]
(!) /workspace/work/scheduling-pr3-worker/repo/frontend/src/birthday-calendar.js is dynamically imported by /workspace/work/scheduling-pr3-worker/repo/frontend/src/feature-loaders.js, /workspace/work/scheduling-pr3-worker/repo/frontend/src/feature-loaders.js but also statically imported by /workspace/work/scheduling-pr3-worker/repo/frontend/src/manager-board-runtime.js?v=20261009-manager-board-side-panels-v1, /workspace/work/scheduling-pr3-worker/repo/frontend/src/screens/instructor-portal/calendar.js, dynamic import will not move module into another chunk.

[plugin vite:reporter]
(!) /workspace/work/scheduling-pr3-worker/repo/frontend/src/screens/attendance-control.js?v=20261005-manager-reopen-hierarchy-v1 is dynamically imported by /workspace/work/scheduling-pr3-worker/repo/frontend/src/admin-attendance-standalone.js?v=20261007-inactive-attendance-roster-v1, /workspace/work/scheduling-pr3-worker/repo/frontend/src/manager-board-workspace-runtime.js?v=20261007-inactive-attendance-roster-v2, /workspace/work/scheduling-pr3-worker/repo/frontend/src/payroll-control-test-mode.js?v=20260817-v4, /workspace/work/scheduling-pr3-worker/repo/frontend/src/screens/shared/payroll-control-launcher.js but also statically imported by /workspace/work/scheduling-pr3-worker/repo/frontend/src/admin-attendance-standalone.js?v=20261007-inactive-attendance-roster-v1, /workspace/work/scheduling-pr3-worker/repo/frontend/src/manager-board-workspace-runtime.js?v=20261007-inactive-attendance-roster-v2, dynamic import will not move module into another chunk.

computing gzip size...
dist/assets/course-scheduling-cache-worker-DUXfjU0o.js                 0.26 kB
dist/assets/manifest-CxkAavht.json                                     1.12 kB │ gzip:   0.42 kB
dist/feedback.html                                                     1.83 kB │ gzip:   0.95 kB
dist/index.html                                                        3.21 kB │ gzip:   1.13 kB
dist/assets/apple-touch-icon-DZF9rhdV.png                             15.56 kB
dist/assets/taasiyeda-logo-B1rnIkUf.png                               16.38 kB
dist/assets/taasiyeda1-Jtel3xEn.png                                   24.42 kB
dist/assets/logo_system-koyfqh2I.png                                  27.63 kB
dist/assets/favicon-D0Y9bj5H.ico                                      47.11 kB
dist/assets/logo1-sNrSbLi9.png                                       168.82 kB
dist/assets/supabase-client-DJDy3X-E.js                              207.93 kB
dist/assets/course-scheduling-point.worker-B5qRd0To.js               233.64 kB
dist/assets/Arimo-Regular-DtBhdGpM.ttf                               317.65 kB
dist/assets/Arimo-Bold-BjWBU6ph.ttf                                  318.18 kB
dist/assets/Arimo-Medium-DBzaS3RL.ttf                                320.66 kB
dist/assets/Arimo-SemiBold-soJdDiwj.ttf                              321.66 kB
dist/assets/style-B8YswwCy.css                                       867.97 kB │ gzip: 131.33 kB
dist/assets/israa-tracking-hierarchy-runtime-BS5VfqIA.js               0.06 kB │ gzip:   0.08 kB
dist/assets/orders-CX_dibNU.js                                         0.10 kB │ gzip:   0.11 kB
dist/assets/reports-sVUPsY8b.js                                        0.33 kB │ gzip:   0.28 kB
dist/assets/annual-reviews-rating-comment-compact-Cb6uZ8BZ.js          0.35 kB │ gzip:   0.25 kB
dist/assets/annual-reviews-safe-extension-styles-CfOtZujX.js           0.58 kB │ gzip:   0.33 kB
dist/assets/_commonjsHelpers-D6-XlEtG.js                               0.73 kB │ gzip:   0.39 kB
dist/assets/activity-drawer-floating-actions-uWc7nqic.js               0.77 kB │ gzip:   0.40 kB
dist/assets/annual-reviews-manager-dedup-FmYCMkdL.js                   0.79 kB │ gzip:   0.49 kB
dist/assets/activity-2026-season-query-hotfix-B7I-xBNs.js              1.00 kB │ gzip:   0.52 kB
dist/assets/operations-2027-date-range-fix-BJfNlOzX.js                 1.02 kB │ gzip:   0.56 kB
dist/assets/calendar-cache-key-Bsf7S2BY.js                             1.07 kB │ gzip:   0.47 kB
dist/assets/proposal-client-home-load-more-fix-xLxiqRmI.js             1.09 kB │ gzip:   0.56 kB
dist/assets/birthday-instructor-caption-Dasvawi1.js                    1.13 kB │ gzip:   0.60 kB
dist/assets/activity-type-icons-DMWpch7J.js                            1.19 kB │ gzip:   0.58 kB
dist/assets/annual-reviews-ui-compact-feedback-qmwNhBlq.js             1.28 kB │ gzip:   0.50 kB
dist/assets/activity-drawer-DyEVTpx7.js                                1.29 kB │ gzip:   0.68 kB
dist/assets/proposal-next-year-space-workshop-pricing-BkfEMPjy.js      1.34 kB │ gzip:   0.63 kB
dist/assets/operations-summer-training-matrix-b_Llohgh.js              1.57 kB │ gzip:   0.80 kB
dist/assets/completion-approval-status-Di2QHh42.js                     1.57 kB │ gzip:   0.78 kB
dist/assets/activity-feedback-button-c9dZvIOK.js                       1.59 kB │ gzip:   0.90 kB
dist/assets/proposal-editor-controller-CqpapMNY.js                     1.60 kB │ gzip:   0.60 kB
dist/assets/work-schedule-2kdsq8Z1.js                                  1.66 kB │ gzip:   0.86 kB
dist/assets/proposal-pdf-storage-key-hotfix-DpYJdIGl.js                1.68 kB │ gzip:   0.83 kB
dist/assets/work-schedule-print-reliability-DDSIcahg.js                1.80 kB │ gzip:   0.82 kB
dist/assets/client-contact-persistence-DHDTVF6v.js                     1.86 kB │ gzip:   0.89 kB
dist/assets/admin-lists-auth-hotfix-DKDpvgvP.js                        1.88 kB │ gzip:   0.92 kB
dist/assets/birthday-popup-session-guard-BOYTyIGi.js                   1.98 kB │ gzip:   0.88 kB
dist/assets/proposal-pdf-svg-origin-clean-CaljcYhn.js                  2.04 kB │ gzip:   0.99 kB
dist/assets/annual-reviews-next-school-year-safe-LtOh77Ku.js           2.13 kB │ gzip:   0.81 kB
dist/assets/annual-reviews-print-shell-fix-zQYt1BSI.js                 2.20 kB │ gzip:   0.73 kB
dist/assets/annual-reviews-print-plain-BtFbmXnU.js                     2.26 kB │ gzip:   0.95 kB
dist/assets/proposal-new-contact-link-runtime-Cw6ojpjk.js              2.28 kB │ gzip:   0.99 kB
dist/assets/month-navigation-runtime-DvYIFNpZ.js                       2.53 kB │ gzip:   1.22 kB
dist/assets/admin-lists-DvoPA8nK.js                                    2.61 kB │ gzip:   1.26 kB
dist/assets/activity-2027-contact-list-runtime-DZDXt7MJ.js             2.62 kB │ gzip:   1.14 kB
dist/assets/instructor-course-schedule-2027-xYDfX1lA.js                2.69 kB │ gzip:   1.24 kB
dist/assets/proposal-summer-creation-retired-BWwGGNs7.js               2.73 kB │ gzip:   1.18 kB
dist/assets/school-catalog-bootstrap-hotfix-f4kfZaue.js                2.95 kB │ gzip:   1.21 kB
dist/assets/gefen-proposal-pdf-header-alignment-BMirQsLC.js            3.04 kB │ gzip:   1.21 kB
dist/assets/feedback-CSgycFKv.js                                       3.05 kB │ gzip:   1.59 kB
dist/assets/manager-gantt-placeholder-runtime--jzDVBqw.js              3.08 kB │ gzip:   1.31 kB
dist/assets/admin-settings-CLa_5jLt.js                                 3.13 kB │ gzip:   1.40 kB
dist/assets/course-meeting-substitute-requests-DaDBiMdC.js             3.24 kB │ gzip:   1.41 kB
dist/assets/dashboard-month-navigation-runtime-CRUR68jO.js             3.26 kB │ gzip:   1.39 kB
dist/assets/proposal-pdf-school-filename-runtime-gYzOOT1Z.js           3.28 kB │ gzip:   1.32 kB
dist/assets/proposal-pdf-single-generation-hotfix-CUxyC7hZ.js          3.36 kB │ gzip:   1.47 kB
dist/assets/proposal-full-clone-runtime-C0K59o-c.js                    3.43 kB │ gzip:   1.48 kB
dist/assets/admin-permissions-access-hotfix-ey5WLbDc.js                3.68 kB │ gzip:   1.53 kB
dist/assets/end-dates-live-fix-DO8U219p.js                             3.71 kB │ gzip:   1.83 kB
dist/assets/proposal-pdf-download-filename-hotfix-C01BkLIv.js          3.77 kB │ gzip:   1.60 kB
dist/assets/dashboard-B7qoAAFn.js                                      3.80 kB │ gzip:   1.79 kB
dist/assets/proposal-operational-name-runtime-PGN4sJcX.js              4.14 kB │ gzip:   1.66 kB
dist/assets/instructor-birthday-profile-B5vObM62.js                    4.79 kB │ gzip:   1.93 kB
dist/assets/instructor-scheduling-data-DKLaSkaD.js                     4.81 kB │ gzip:   1.78 kB
dist/assets/my-activities-D1pztjjk.js                                  4.86 kB │ gzip:   1.95 kB
dist/assets/payroll-control-test-review-fix-CaFibxwp.js                4.89 kB │ gzip:   2.09 kB
dist/assets/operations-completion-toolbar-compact-DAM_kfI6.js          4.89 kB │ gzip:   1.50 kB
dist/assets/proposal-summer-list-runtime-B0e0VwRs.js                   4.92 kB │ gzip:   1.84 kB
dist/assets/annual-reviews-safe-runtime-DSvwlvMP.js                    5.43 kB │ gzip:   2.38 kB
dist/assets/catalog-D-9nvaH5.js                                        5.87 kB │ gzip:   1.97 kB
dist/assets/team-calendar-runtime-D-shAXfD.js                          6.04 kB │ gzip:   2.62 kB
dist/assets/school-calendar-runtime-CILkC1fu.js                        6.08 kB │ gzip:   2.04 kB
dist/assets/proposal-details-public-cleanup-DteGjReu.js                6.14 kB │ gzip:   2.05 kB
dist/assets/course-scheduling-manager-approval-Cjm3IHup.js             6.22 kB │ gzip:   2.34 kB
dist/assets/israa-proposal-items-xwmqLBiP.js                           6.38 kB │ gzip:   2.46 kB
dist/assets/birthday-popup-C75eXgb8.js                                 6.52 kB │ gzip:   2.70 kB
dist/assets/israa-tracking-filters-runtime-DYEPg11n.js                 6.73 kB │ gzip:   2.47 kB
dist/assets/activities-tabs-corrections-CF6GQmHQ.js                    6.83 kB │ gzip:   2.86 kB
dist/assets/summer-feedback-instructor-card-BEvwUcuL.js                7.41 kB │ gzip:   2.54 kB
dist/assets/payroll-control-test-plain-status-Km7aI6td.js              7.74 kB │ gzip:   1.97 kB
dist/assets/end-dates-DjQ5xql4.js                                      7.77 kB │ gzip:   2.91 kB
dist/assets/proposal-filtered-tab-count-runtime-Bi0Yvnmx.js            7.90 kB │ gzip:   2.94 kB
dist/assets/portal-data-eej9bFX3.js                                    8.05 kB │ gzip:   2.59 kB
dist/assets/proposal-domain-routing-BW3Q5YLA.js                        8.10 kB │ gzip:   3.19 kB
dist/assets/operations-inventory-polish-CN3a5joN.js                    8.19 kB │ gzip:   2.71 kB
dist/assets/proposal-gefen-approval-list-status-Cvi2VY9i.js            8.32 kB │ gzip:   3.05 kB
dist/assets/instructor-guidelines-CbMSovph.js                          8.37 kB │ gzip:   2.96 kB
dist/assets/annual-reviews-final-pdf-safe-Dtr5iRY7.js                  8.46 kB │ gzip:   3.19 kB
dist/assets/payroll-control-window-fix-DalWUgLW.js                     8.87 kB │ gzip:   2.67 kB
dist/assets/proposal-activity-linking-BjshwAkH.js                      9.30 kB │ gzip:   3.58 kB
dist/assets/proposal-approval-runtime-BV-TlS5_.js                      9.36 kB │ gzip:   3.70 kB
dist/assets/instructor-course-schedule-print-CulgwFpr.js               9.38 kB │ gzip:   3.33 kB
dist/assets/summer-feedback-admin-integration-DNxIxyLp.js              9.38 kB │ gzip:   3.37 kB
dist/assets/annual-reviews-manager-question-set-B_kT3rha.js            9.90 kB │ gzip:   3.60 kB
dist/assets/activities-approved-ui-fix-DGKsPgkL.js                    10.02 kB │ gzip:   2.70 kB
dist/assets/activities-approved-ui-fix-CaPGQC8h.js                    10.02 kB │ gzip:   2.70 kB
dist/assets/admin-home-BAhbcjlp.js                                    10.05 kB │ gzip:   3.48 kB
dist/assets/gefen-proposal-layout-update-BUov7Uwk.js                  10.32 kB │ gzip:   2.33 kB
dist/assets/israa-activities-main-workspace-D2wz3Aax.js               10.47 kB │ gzip:   3.94 kB
dist/assets/instructor-completion-approvals-Bh3Jwmv5.js               10.96 kB │ gzip:   3.73 kB
dist/assets/operations-visual-tweaks-NOSC-I-4.js                      11.03 kB │ gzip:   2.52 kB
dist/assets/calendar-CxMrSzMI.js                                      11.05 kB │ gzip:   4.06 kB
dist/assets/annual-reviews-language-safe-BXJh35TP.js                  11.45 kB │ gzip:   3.12 kB
dist/assets/annual-reviews-role-lessons-safe-D6vlu2pt.js              11.51 kB │ gzip:   2.85 kB
dist/assets/week-1MkOcc8d.js                                          11.55 kB │ gzip:   4.56 kB
dist/assets/month-DKSWp2Mt.js                                         11.93 kB │ gzip:   4.64 kB
dist/assets/admin-keyboard-converter-SDahls2R.js                      12.02 kB │ gzip:   3.54 kB
dist/assets/proposal-incomplete-print-runtime-pOjC4_LD.js             12.29 kB │ gzip:   4.33 kB
dist/assets/instructors-workspace-nav-CHN83SRG.js                     12.61 kB │ gzip:   4.58 kB
dist/assets/client-file-layout-polish-Dl2LK5l7.js                     12.75 kB │ gzip:   2.79 kB
dist/assets/edit-requests-1SEyTsOV.js                                 13.45 kB │ gzip:   4.54 kB
dist/assets/instructor-contacts-CVyMBJGY.js                           13.55 kB │ gzip:   5.20 kB
dist/assets/proposal-drawer-activity-style-B7SG6V-r.js                13.69 kB │ gzip:   2.57 kB
dist/assets/activity-completion-approval-print-DL3YzSfA.js            14.02 kB │ gzip:   4.83 kB
dist/assets/annual-reviews-readable-print-DSUDXPa9.js                 14.09 kB │ gzip:   3.93 kB
dist/assets/admin-date-simulator-GUGtyUvS.js                          14.11 kB │ gzip:   4.17 kB
dist/assets/certificates-t3pIj3Ct.js                                  14.15 kB │ gzip:   4.63 kB
dist/assets/payroll-control-test-mode-B1tzhN-y.js                     14.59 kB │ gzip:   4.12 kB
dist/assets/exceptions-a1tSgWBE.js                                    14.62 kB │ gzip:   5.12 kB
dist/assets/contacts-full-directory-CzeduXl5.js                       15.36 kB │ gzip:   5.11 kB
dist/assets/permissions-DOuJUJ7F.js                                   15.50 kB │ gzip:   4.70 kB
dist/assets/annual-reviews-isolated-print-3_frpgeP.js                 15.69 kB │ gzip:   4.16 kB
dist/assets/archive-B49FSg7K.js                                       16.29 kB │ gzip:   5.47 kB
dist/assets/operations-authorities-cleanup-CiRfdhtt.js                16.92 kB │ gzip:   4.65 kB
dist/assets/payroll-control-finish-zRNW24YE.js                        18.51 kB │ gzip:   6.18 kB
dist/assets/client-contact-persistence-hotfix-CT-l6By-.js             21.53 kB │ gzip:   6.13 kB
dist/assets/admin-messages-runtime-OEsLBqZA.js                        22.22 kB │ gzip:   6.16 kB
dist/assets/proposal-workflow-completion-Ciwj2LnP.js                  23.60 kB │ gzip:   7.31 kB
dist/assets/dashboard-CN5sTe5f.js                                     25.07 kB │ gzip:   7.57 kB
dist/assets/operations-2027-loading-controller-CCJs5hk7.js            27.75 kB │ gzip:   8.10 kB
dist/assets/instructors-c89zniNK.js                                   28.62 kB │ gzip:   8.94 kB
dist/assets/instructors-Suq0tYW4.js                                   28.62 kB │ gzip:   8.94 kB
dist/assets/admin-pricing-simulator-UVwq2Ysx.js                       28.63 kB │ gzip:   6.43 kB
dist/assets/contacts-DsJnfBFs.js                                      31.82 kB │ gzip:   8.99 kB
dist/assets/feedback-form-BqlBnxgF.js                                 32.07 kB │ gzip:  11.03 kB
dist/assets/israa-management-CPO7GqH0.js                              33.85 kB │ gzip:   9.24 kB
dist/assets/israa-tracking-v2-runtime-DXpZgnRk.js                     35.33 kB │ gzip:  10.77 kB
dist/assets/annual-reviews-v2-BHynVIcX.js                             39.67 kB │ gzip:  10.71 kB
dist/assets/invitations-DQZRWLpT.js                                   40.64 kB │ gzip:  10.74 kB
dist/assets/instructor-workspace-ui-Blufk6yE.js                       42.79 kB │ gzip:  13.27 kB
dist/assets/finance-D5r_FeV8.js                                       61.97 kB │ gzip:  19.52 kB
dist/assets/attendance-control-BTC5giKL.js                           116.60 kB │ gzip:  33.04 kB
dist/assets/impact-feedback-Cy2P3Ykv.js                              129.34 kB │ gzip:  39.57 kB
dist/assets/personal-reports-Do_xxG6D.js                             152.71 kB │ gzip:  38.70 kB
dist/assets/operations-management-Lq6-C6pm.js                        164.17 kB │ gzip:  40.56 kB
dist/assets/course-scheduling-periods-JScztt_V.js                    210.36 kB │ gzip:  54.95 kB
dist/assets/graph-mail-Dqf8w8Gc.js                                   289.86 kB │ gzip:  72.35 kB
dist/assets/proposals-agreements-e3FAdKbk.js                         328.23 kB │ gzip:  90.60 kB
dist/assets/proposals-agreements-KvCR5DQd.js                         328.23 kB │ gzip:  90.60 kB
dist/assets/course-scheduling-RCc1hulo.js                            436.63 kB │ gzip: 121.00 kB
dist/assets/outlook-CWMWagnQ.js                                    1,377.68 kB │ gzip: 490.77 kB
dist/assets/index-DXE93vHa.js                                      1,673.68 kB │ gzip: 469.83 kB

(!) Some chunks are larger than 500 kB after minification. Consider:
- Using dynamic import() to code-split the application
- Use build.rollupOptions.output.manualChunks to improve chunking: https://rollupjs.org/configuration-options/#output-manualchunks
- Adjust chunk size limit for this warning via build.chunkSizeWarningLimit.
✓ built in 10.04s
[postbuild-dist] precache entries: 5
