✔ 253/253 RUNNING checkpoint goes to validation instead of a fresh run, never straight to commit (3.728884ms)
✔ 253/253 rows alone never skip unfinished optimization passes (37.112409ms)
✔ partial resume re-opens unassigned rows so the existing-staff rescue runs again (1.506265ms)
✔ partial or stale RUNNING checkpoints are not treated as complete (0.826115ms)
✔ mid-run source change rebases only the changed activity and its instructor/date dependents (4.255559ms)
✔ rebase includes rows newly flagged needs_recalc but not rows already dirty when the run started (0.443863ms)
✔ instructor availability change during a run rebases only rows that depend on that instructor (0.540275ms)
✔ a row dirty at start and flagged again during the run is rechecked (0.521727ms)
✔ flag-time comparison keeps a safety margin and fails closed (0.431395ms)
✔ no detected change keeps the whole calculated plan (empty delta) (0.345518ms)
✔ resumed complete checkpoint is validated without re-planning and keeps every row (3.358609ms)
✔ resumed checkpoint with a hard conflict reports only a bounded repair delta (1.96441ms)
✔ resume with no unfinished rows still runs gap compaction over the original scope (135.985083ms)
✔ interrupted run: unassigned rows re-enter base planning (staff rescue) and every optimization pass runs on the original scope (50.426409ms)
✔ run wiring: planner completion is recorded explicitly and resume keeps optimization scope (5.587389ms)
✔ run wiring: completed RUNNING checkpoint skips the planner and source conflicts rebase instead of aborting (0.559062ms)
✔ period/district filter change keeps the loaded shared plan and an active run on screen (0.263878ms)
✔ real-world overlap recovery keeps the prior conflict-free instructor instead of discarding all 253 proposals (1.144623ms)
✔ overlap recovery never overrides a locked plan or invents an unverified alternative (0.195007ms)
✔ screen uses the whole-plan validated fallback for both normal and delta planning (0.282426ms)
✔ nested local overlap repairs have one cooperative deadline that cannot restart (0.517051ms)
✔ on whole-plan overlap, saved incumbent is verified before 75s nested repair (0.309215ms)
✔ checkpoint recovery covers more than eight intersecting courses and can safely fall back to committed missing rows (5.162764ms)
✔ a dirty rows checkpoint is checked for overlap before any resumed planning can trust its incumbents (0.273312ms)
✔ school-cohort choices reject same-instructor overlaps and prefer next valid instructor without delaying course (0.439096ms)
✔ school-cohort choices honor meeting substitutes and full-day instructor blockers (0.21746ms)
✔ residual school-cohort collision is reconciled after packing, preferring a valid alternate to lost hours (0.460287ms)
✔ unresolved cohort clashes remain unassigned rather than being wrongly certified as recruitment (2.540978ms)
✔ committed fixed and locked activities are never replaced to resolve a provisional conflict (0.201136ms)
✔ browser planning deadline ends an otherwise infinite computation without committing (0.418676ms)
✔ unrecoverable checkpoint falls back to original dirty scope and separately committed data (4.12673ms)
✔ safe restart adds newly created courses while keeping unrelated saved proposals (0.133767ms)
✔ unrecoverable checkpoint never silently launches a full country rebuild (0.097454ms)
✔ 253-row production-shape acceptance: recover corrupted checkpoint, preserve 101 live, serialize validated full save (35.709594ms)
✔ stage progress checkpoints upload changed rows only with a 120s cooldown, never repeat whole 253-row snapshot (2.332601ms)
✔ stage snapshots persist fresh rows if previous checkpoint cache was discarded for unsafe overlap (0.321543ms)
✔ Liron stale Monday 13:30–15:00 recommendation is contextual only and cannot be selected (36.522529ms)
✔ Liron stale proposal after range_max is also blocked (0.579131ms)
✔ pending status says update is required until an actual planning run starts (0.195318ms)
✔ successful replacement row becomes actionable again without the stale snapshot (0.814899ms)
✔ explicit update remains incremental, screen entry stays passive, and point mutation auto-refresh remains enabled (4.394875ms)
ℹ tests 41
ℹ suites 0
ℹ pass 41
ℹ fail 0
ℹ cancelled 0
ℹ skipped 0
ℹ todo 0
ℹ duration_ms 847.469411
