✔ 253/253 RUNNING checkpoint goes to validation instead of a fresh run, never straight to commit (2.661121ms)
✔ 253/253 rows alone never skip unfinished optimization passes (0.413969ms)
✔ partial resume re-opens unassigned rows so the existing-staff rescue runs again (0.641483ms)
✔ partial or stale RUNNING checkpoints are not treated as complete (0.510049ms)
✔ mid-run source change rebases only the changed activity and its instructor/date dependents (1.537489ms)
✔ rebase includes rows newly flagged needs_recalc but not rows already dirty when the run started (0.301373ms)
✔ instructor availability change during a run rebases only rows that depend on that instructor (0.363354ms)
✔ a row dirty at start and flagged again during the run is rechecked (0.357586ms)
✔ flag-time comparison keeps a safety margin and fails closed (0.223258ms)
✔ no detected change keeps the whole calculated plan (empty delta) (0.322955ms)
✔ resumed complete checkpoint is validated without re-planning and keeps every row (3.236346ms)
✔ resumed checkpoint with a hard conflict reports only a bounded repair delta (1.098765ms)
✔ resume with no unfinished rows still runs gap compaction over the original scope (16.828583ms)
✔ interrupted run: unassigned rows re-enter base planning (staff rescue) and every optimization pass runs on the original scope (5.522476ms)
✔ run wiring: planner completion is recorded explicitly and resume keeps optimization scope (0.357836ms)
✔ run wiring: completed RUNNING checkpoint skips the planner and source conflicts rebase instead of aborting (0.494286ms)
✔ period/district filter change keeps the loaded shared plan and an active run on screen (0.248355ms)
✔ real-world overlap recovery keeps the prior conflict-free instructor instead of discarding all 253 proposals (1.063533ms)
✔ overlap recovery never overrides a locked plan or invents an unverified alternative (0.178572ms)
✔ screen uses the whole-plan validated fallback for both normal and delta planning (0.572482ms)
✔ nested local overlap repairs have one cooperative deadline that cannot restart (0.514527ms)
✔ on whole-plan overlap, saved incumbent is verified before 75s nested repair (0.374771ms)
✔ checkpoint recovery covers more than eight intersecting courses and can safely fall back to committed missing rows (1.646169ms)
✔ a dirty rows checkpoint is checked for overlap before any resumed planning can trust its incumbents (0.236467ms)
✔ school-cohort choices reject same-instructor overlaps and prefer next valid instructor without delaying course (0.382673ms)
✔ school-cohort choices honor meeting substitutes and full-day instructor blockers (0.208427ms)
✔ residual school-cohort collision is reconciled after packing, preferring a valid alternate to lost hours (0.348071ms)
✔ unresolved cohort clashes remain unassigned rather than being wrongly certified as recruitment (0.789801ms)
✔ committed fixed and locked activities are never replaced to resolve a provisional conflict (0.152834ms)
✔ browser planning deadline ends an otherwise infinite computation without committing (0.383043ms)
✔ unrecoverable checkpoint falls back to original dirty scope and separately committed data (0.669824ms)
✔ safe restart adds newly created courses while keeping unrelated saved proposals (0.117663ms)
✔ unrecoverable checkpoint never silently launches a full country rebuild (0.153956ms)
✔ 253-row production-shape acceptance: recover corrupted checkpoint, preserve 101 live, serialize validated full save (17.172008ms)
✔ stage progress checkpoints upload changed rows only with a 120s cooldown, never repeat whole 253-row snapshot (2.495748ms)
✔ stage snapshots persist fresh rows if previous checkpoint cache was discarded for unsafe overlap (0.526144ms)
✔ gender remains mandatory profile data even when the activity has no gender preference (1.586291ms)
✔ explicit gender requirement stays a hard gate (0.295995ms)
✔ transition contract uses +5 minutes up to 5 km, +15 minutes up to 20 km, and rejects above 20 km (0.950687ms)
✔ fourth consecutive long activity is allowed when it fits explicit availability (0.426637ms)
✔ rolling workspace shows incomplete courses instead of hiding them (0.406517ms)
✔ active incomplete instructors remain visible but report gender as missing (0.247434ms)
✔ approved scoring contract is exactly 100 points and five components (1.08915ms)
✔ 1: unknown home route is not eligible in individual matching (3.561244ms)
✔ 2: unknown home route is missing data in district simulation (9.255984ms)
✔ 3-4: unknown route cannot be saved as draft or finally assigned (0.237009ms)
✔ 5-6: exactly 40 km accepted; more than 40 km rejected by client and server migration (4.659167ms)
✔ 7: transitions use +5/+15 buffer within 20 km and hard-reject above 20 km (1.071314ms)
✔ 7b: Supabase transition guards restore the 20 km cap with the 5/15 buffer helper (0.501968ms)
✔ 8: existing draft cannot be overwritten (server + client wording) (0.410333ms)
✔ 9: saved draft meetings participate in transition calculations (1.852753ms)
✔ 10: unsaved planning recommendations do not create hard conflicts (2.926461ms)
✔ 11: instructor gender remains mandatory profile data even when course requirement is any (0.246662ms)
✔ 12: hard gates cannot be bypassed with exception approval (0.416242ms)
✔ 13-14: obsolete restriction fields do not affect matching; blocked_authorities does (0.841387ms)
✔ 15-16: district simulation includes courses without dates/hours as missing data (0.994112ms)
✔ 17-19: saved proposed-date drafts display original/proposed dates in details, calendar and confirmation inputs (1.955724ms)
✔ 18: weekly calendar uses draft proposed dates, not official dates (0.1496ms)
✔ 20-22: cancelled meetings release overlaps, transitions and weekly calendar (0.874275ms)
✔ 23+26: cancelled meetings are not completed; completion uses Asia/Jerusalem date and end time (1.332018ms)
✔ 24: direct instructor update on an activity is protected by the same hard server rules (0.777562ms)
✔ 25: activity and scheduling screens read the same instructor fields (1.101519ms)
✔ 27-29: existing draft-save and final-assignment helpers remain for eligible candidates (0.222497ms)
✔ 30: no new route, tab, table or parallel assignment model is introduced (1.223508ms)
✔ 31: proposed dates owned by another instructor do not block this instructor (0.594043ms)
✔ 1: instructor with no approved/saved rows has zero persisted existing meetings (0.798553ms)
✔ 2: one-meeting current course → existing workdays 0, projected workdays 1 (1.211861ms)
✔ 3: accepted in-memory planning commitments participate in later workload and workday counts (9.347659ms)
✔ 4-6: accepted in-memory planning commitments enforce transition feasibility and expose the blocking activity (1.491753ms)
✔ 7-8: real approved assignment still creates overlap and transition failures (1.13646ms)
✔ 9+18: saved draft still creates overlap and transition validation (1.125905ms)
✔ 10: accepted planning commitment on the same workday affects continuity without forcing a long-gap block (1.44234ms)
✔ 11-13: accepted planning commitments are included in the visible projected workload (2.387508ms)
✔ 14: instructor with no persisted schedule keeps neutral continuity 18/35 and gaps 5/5 (0.329554ms)
✔ 15-16: affected-meeting wording is singular for 1 and plural for many (0.456221ms)
✔ 17: same failure reason appears only once in rejected UI (0.477061ms)
✔ Part 8 helper formats persisted activity references without inventing ids (0.086296ms)
✔ manual acceptance shape: empty school_2027 schedule shows 0 existing / 1 projected workdays (0.425145ms)
✔ 1-4: home distance eligibility boundary is inclusive at 40 km (2.02736ms)
✔ 5-7: rejected-distance candidate never recommended/bestAvailable/alternatives and shows real km (0.99325ms)
✔ 8: unknown/null home route is missing data and not eligible (no invented distance) (0.263578ms)
✔ 9: recommendation still flags distance while a manager can persist a manual choice (0.114177ms)
✔ 10-12: first schedule without half-year history uses neutral continuity 18/35 and gaps 5/5 (0.535507ms)
✔ 13-14: second planningDraft course and existing approved/draft use real continuity scoring (2.434578ms)
✔ 15: total score weights still equal 100 (0.147367ms)
✔ 16-17: single failure renders once; additional failures only after primary (0.475549ms)
✔ manual picker exposes rejected candidates, warns once, and blocks real overlap (0.625749ms)
✔ manual picker shows but blocks active instructors whose matching data is not verifiable (0.232322ms)
✔ manual picker permits only deliberate soft exceptions and blocks identity or travel-safety failures (0.138744ms)
✔ manual draft RPC audits warnings and keeps inactive instructors and overlaps blocked (0.358077ms)
✔ 18-20: recommended/bestAvailable badges are singular; rejected never in alternatives cards (1.372457ms)
✔ 21-22: unchanged meetings are compact; changed meetings keep comparison table (0.914814ms)
✔ 23: workload hours use identical formatting everywhere (0.464042ms)
✔ 24: action buttons remain disabled for an ineligible / over-distance candidate (0.27183ms)
✔ manual finalization is enabled only by the persisted current manual draft and matching audit (0.634403ms)
✔ manual draft RPC records an explicit manual reason for server verification and audit (2.298824ms)
✔ manual finalization keeps physical travel-time feasibility with the 20 km consecutive cap (1.416421ms)
✔ 40 km remains part of the ordinary recommendation validation (1.621714ms)
✔ manual finalization still blocks inactive instructors, missing/explicit availability, real overlaps and unavailability (0.603387ms)
✔ successful manual finalization clears the draft and carries the manual warning into final audit (0.466445ms)
✔ Liron stale Monday 13:30–15:00 recommendation is contextual only and cannot be selected (4.696642ms)
✔ Liron stale proposal after range_max is also blocked (0.717895ms)
✔ pending status says update is required until an actual planning run starts (0.249758ms)
✔ successful replacement row becomes actionable again without the stale snapshot (1.139154ms)
✔ explicit update remains incremental, screen entry stays passive, and point mutation auto-refresh remains enabled (1.735982ms)
✔ fast preflight: no-op and active lease skip acquisition; changed source, dirty row and forceFull acquire (0.384766ms)
✔ heartbeat is serialized; authoritative lease loss stops ownership; transport errors remain retryable (0.747268ms)
✔ lease wait message derives its duration from server retry time (0.139795ms)
✔ school forks isolate provisional assignments and accept other-school deltas without leaking to their base (1.082962ms)
✔ context deltas produce the same candidates and projected loads as a fresh rebuild (3.260371ms)
✔ CPU-heavy preparation yields inside one instructor history and cancellation interrupts that history (16.651262ms)
✔ CPU-heavy candidate loop continues heartbeat and observes lost ownership before a result (21.323404ms)
✔ resume after reload requires source, workspace revision, engine, fingerprints, phase and complete scope (0.341041ms)
✔ screen orchestration gates heavy work before snapshot load, preserves incremental retry and releases on pagehide (1.40158ms)
✔ checkpoint errors abort immediately on source/revision/ownership loss and preserve retryable transport failures (0.390404ms)
✔ a hung renewal times out locally without falsely cancelling server ownership (5.454597ms)
✔ fast rescue deadline interrupts pathological per-activity work without cancelling the planning run (2.931339ms)
✔ checkpoint chunks bound UTF-8 wire bytes and rows, preserve every row, and validate only the complete final chunk (32.558004ms)
✔ default browser yield services timers even when scheduler continuations resolve immediately (1.54067ms)
✔ recruitment rescue cancellation is observed inside one instructor and one schedule history (7.42003ms)
✔ an existing workspace without a source cursor needs one bootstrap validation; verified one-row changes stay incremental (0.667542ms)
✔ candidate load projection preserves proposed draft dates in instructor history (1.493785ms)
ℹ tests 122
ℹ suites 0
ℹ pass 122
ℹ fail 0
ℹ cancelled 0
ℹ skipped 0
ℹ todo 0
ℹ duration_ms 496.755077
