[check] node --check frontend/src/config.js
[check] node --check frontend/src/screens/course-scheduling-date-adjustments.js
[check] node --check frontend/src/screens/course-scheduling-engine-core.js
[check] node --check frontend/src/screens/course-scheduling-planning-store.js
[check] node --check frontend/src/screens/course-scheduling-planning.js
[check] node --check frontend/src/screens/course-scheduling-point-workspace.js
[check] node --check frontend/src/screens/course-scheduling-point.worker.js
[check] node --check frontend/src/screens/course-scheduling-travel.js
[check] node --check frontend/src/screens/course-scheduling-worker-client.js
[check] node --check frontend/src/screens/course-scheduling-worker-protocol.js
[check] node --check frontend/src/screens/course-scheduling.js
[check] node --check frontend/src/screens/instructor-matching-engine.js
[check] node --check frontend/src/screens/scheduling-core/constraints.js
[check] node --check frontend/src/screens/scheduling-core/planner.js
[check] node --check frontend/src/screens/scheduling-core/recruitment.js
[check] node --check frontend/src/screens/shared/scheduling-weekend-policy.js
[check] node --check frontend/sw.js
[check] node --check scripts/acceptance/new-engine-audit.mjs
[check] node --check scripts/acceptance/new-engine-browser.mjs
[check] node --check scripts/acceptance/new-engine-input.mjs
[check] node --check scripts/acceptance/new-engine-national.mjs
[check] node --check scripts/acceptance/new-engine-postgres-bootstrap.mjs
[check] node --check scripts/acceptance/new-engine-postgres-seed.mjs
[check] node --check scripts/acceptance/new-engine-process-recovery.mjs
[check] node --check scripts/acceptance/new-engine-recovery.mjs
[check] node --check scripts/acceptance/new-engine-save.mjs
[check] node --check scripts/acceptance/new-engine-worker.mjs
[check] node --check tests/course-scheduling-shared-planning.test.mjs
[check] node --check tests/instructor-matching-engine.test.mjs
[check] node --check tests/scheduling-new-core.test.mjs
[check] node --check vite.config.js
[check] Groups: db, pwa, scheduling, schedulingDb
[check] Focused checks complete. Full regression remains available via npm run test:all:legacy.
