✔ 253/253 RUNNING checkpoint goes to validation instead of a fresh run, never straight to commit (5.161223ms)
✔ 253/253 rows alone never skip unfinished optimization passes (0.550749ms)
✔ partial resume re-opens unassigned rows so the existing-staff rescue runs again (1.045777ms)
✔ partial or stale RUNNING checkpoints are not treated as complete (0.597398ms)
✔ mid-run source change rebases only the changed activity and its instructor/date dependents (1.34769ms)
✔ rebase includes rows newly flagged needs_recalc but not rows already dirty when the run started (0.467166ms)
✔ instructor availability change during a run rebases only rows that depend on that instructor (0.467707ms)
✔ a row dirty at start and flagged again during the run is rechecked (0.556117ms)
✔ flag-time comparison keeps a safety margin and fails closed (0.245932ms)
✔ no detected change keeps the whole calculated plan (empty delta) (0.259842ms)
✔ resumed complete checkpoint is validated without re-planning and keeps every row (3.531227ms)
✔ resumed checkpoint with a hard conflict reports only a bounded repair delta (1.11598ms)
✔ resume with no unfinished rows still runs gap compaction over the original scope (17.7802ms)
✔ interrupted run: unassigned rows re-enter base planning (staff rescue) and every optimization pass runs on the original scope (5.838848ms)
✔ run wiring: planner completion is recorded explicitly and resume keeps optimization scope (0.364245ms)
✔ run wiring: completed RUNNING checkpoint skips the planner and source conflicts rebase instead of aborting (0.561064ms)
✔ period/district filter change keeps the loaded shared plan and an active run on screen (0.301964ms)
✔ real-world overlap recovery keeps the prior conflict-free instructor instead of discarding all 253 proposals (1.30683ms)
✔ overlap recovery never overrides a locked plan or invents an unverified alternative (0.260363ms)
✔ screen uses the whole-plan validated fallback for both normal and delta planning (0.259731ms)
✔ nested local overlap repairs have one cooperative deadline that cannot restart (0.609445ms)
✔ on whole-plan overlap, saved incumbent is verified before 75s nested repair (0.53755ms)
✔ checkpoint recovery covers more than eight intersecting courses and can safely fall back to committed missing rows (1.793444ms)
✔ a dirty rows checkpoint is checked for overlap before any resumed planning can trust its incumbents (0.276276ms)
✔ school-cohort choices reject same-instructor overlaps and prefer next valid instructor without delaying course (0.303596ms)
✔ school-cohort choices honor meeting substitutes and full-day instructor blockers (0.292369ms)
✔ residual school-cohort collision is reconciled after packing, preferring a valid alternate to lost hours (0.354951ms)
✔ unresolved cohort clashes remain unassigned rather than being wrongly certified as recruitment (0.510419ms)
✔ committed fixed and locked activities are never replaced to resolve a provisional conflict (0.144832ms)
✔ browser planning deadline ends an otherwise infinite computation without committing (0.379708ms)
✔ unrecoverable checkpoint falls back to original dirty scope and separately committed data (0.730173ms)
✔ safe restart adds newly created courses while keeping unrelated saved proposals (0.118795ms)
✔ unrecoverable checkpoint never silently launches a full country rebuild (0.096372ms)
✔ 253-row production-shape acceptance: recover corrupted checkpoint, preserve 101 live, serialize validated full save (21.368982ms)
✔ stage progress checkpoints upload changed rows only with a 120s cooldown, never repeat whole 253-row snapshot (2.211609ms)
✔ stage snapshots persist fresh rows if previous checkpoint cache was discarded for unsafe overlap (0.277247ms)
✔ scheduling field helper treats gender/language/dates as planning-sensitive and notes as not (0.284588ms)
✔ local planning invalidation marks only the provided activity ids as pending (0.61935ms)
✔ planning status distinguishes pending work from an active auto-refresh run (121.459019ms)
✔ activity requirement and saveActivity paths explicitly invalidate planning after scheduling edits (3.557176ms)
✔ olpanat bari gender any->female is treated as pending planning work for one activity (0.195077ms)
✔ 1) INSERT exception blocked dirties only instructor-linked planning rows (SQL scoped) (0.186544ms)
✔ 2) UPDATE exception marks relevant rows dirty (0.112515ms)
✔ 3) DELETE exception marks relevant rows dirty (0.208767ms)
✔ 4) activity gender change dirties its planning row (0.084064ms)
✔ 5) activity language change dirties its planning row (0.096221ms)
✔ 6) sessions change dirties its planning row (0.128339ms)
✔ 7) stored row with exception violation + needs_recalc=false is invalid in audit (0.801237ms)
✔ 8) הכול מעודכן is blocked when audit finds invalid rows (0.436762ms)
✔ 9) 1–2 availability exceptions keep permanent instructor via recovery plan (0.90517ms)
✔ 10) 3+ availability exceptions reject permanent instructor (0.137131ms)
✔ 11) meeting count mismatch marks row dirty via audit (0.338938ms)
✔ 12) instructor availability change is scoped (not full workspace / not 248) (0.207074ms)
✔ 13) confirm validation blocks invalid stale row (0.160866ms)
✔ validation version exists and engine bump does not imply full-workspace dirty SQL (0.192803ms)
✔ 173-course national upgrade saves a separately validated pending base; no soft passes before this commit (0.790121ms)
✔ optimization phase starts from the saved plan, never repeating 173-course base scope (0.916186ms)
✔ pending optimization with only locked/live records becomes safe marker-only finalization (0.137182ms)
✔ chosen candidates and authoritative validation reject the same short travel gap; legal alternative survives (1.033798ms)
✔ transition boundaries, unknown routes, direction and same-school adjacency are explicit (0.330245ms)
✔ reconciliation repairs a zero-gap school transition while immutable and unrelated rows stay identical (0.42196ms)
✔ fixed-point dependencies cross schools via school peers and candidate/substitute instructors, excluding unrelated dates and immutable peers (0.786385ms)
✔ optional optimizer error preserves a hard-validated base, without pretending optimization succeeded (9.139047ms)
✔ cancellation and ownership loss during optional optimization still abort, never silently save the base (3.99589ms)
✔ no suitable instructor or blocked fixed date yields no unsafe assignment and never moves the official date (2.427806ms)
✔ final guard rejects a fixed proposal moved off its official date (0.216548ms)
✔ synchronous and async self-route views agree while different missing addresses remain unknown (0.225001ms)
✔ v36 upgrades recheck only known fixed-date drift; valid snapshots do not generate national targets (0.777863ms)
✔ dependency closure traverses locked and approved bridges without targeting or mutating either, including compact rows (0.817231ms)
ℹ {"case":"immutable-bridge","compact":false,"elapsedMs":0.2550150000000144,"targets":["seed","peer","end"],"immutableTargets":0}
ℹ {"case":"immutable-bridge","compact":true,"elapsedMs":0.07162499999998317,"targets":["seed","peer","end"],"immutableTargets":0}
ℹ {"case":"immutable-bridge","compact":true,"elapsedMs":0.08711799999997538,"targets":["seed","peer","end"],"immutableTargets":0}
✔ previous engine versions keep needs_recalc work scoped and reject an old checkpoint while preserving saved proposals and official dates (1.550618ms)
✔ valid previous-version snapshot requires validation-only marker advancement and never resumes the old checkpoint (0.256527ms)
✔ v36 detects official date and time drift in fixed and legacy proposal rows, without targeting locks or approvals (0.362653ms)
✔ old validated and legacy checkpoints cannot resume or commit as v36 under the current source revision (0.160566ms)
✔ explicit saved-row validation rejects legacy proposal drift before any version marker may advance (0.491031ms)
ℹ {"case":"stale-official-date","elapsedMs":0.3678600000000074,"valid":false}
✔ scoped v36 repair restores official dates and retains an existing unaffected proposal and source data (3.244517ms)
✔ service worker entry imports the implementation without a second manual version (0.750632ms)
✔ service worker removes old dashboard caches during activate without interrupting open tabs (0.440948ms)
✔ service worker fetches app shell and manifest fresh after deploy (0.418054ms)
✔ PWA manifest and icon files still point to existing dashboard assets (0.554134ms)
✔ PWA guardrails keep cache versioning and catalog registration centralized (3.121135ms)
✔ PWA guardrails prevent wholesale catalog and bulky-file precache (0.540144ms)
ℹ tests 81
ℹ suites 0
ℹ pass 81
ℹ fail 0
ℹ cancelled 0
ℹ skipped 0
ℹ todo 0
ℹ duration_ms 352.355191
