
> workspace@1.0.0 build
> node scripts/sync-attendance-vendor.mjs && vite build && node scripts/postbuild-dist.mjs

[sync-attendance-vendor] copied @supabase/supabase-js UMD build to attendance/vendor/supabase.js
vite v6.4.2 building for production...
transforming...
frontend/src/screens/attendance-control.js?v=20261005-manager-reopen-hierarchy-v1 (117:37): "default" is not exported by "../../scheduling-pr1/repo/node_modules/xlsx/xlsx.mjs", imported by "frontend/src/screens/attendance-control.js?v=20261005-manager-reopen-hierarchy-v1".
frontend/src/screens/attendance-control.js (117:37): "default" is not exported by "../../scheduling-pr1/repo/node_modules/xlsx/xlsx.mjs", imported by "frontend/src/screens/attendance-control.js".
✓ 807 modules transformed.
rendering chunks...
[plugin vite:reporter]
(!) /workspace/work/scheduling-pr2/repo/frontend/src/activity-drawer-inline-layout.js is dynamically imported by /workspace/work/scheduling-pr2/repo/frontend/src/feature-loaders.js but also statically imported by /workspace/work/scheduling-pr2/repo/frontend/src/activity-drawer-layout-pipeline.js, dynamic import will not move module into another chunk.

[plugin vite:reporter]
(!) /workspace/work/scheduling-pr2/repo/frontend/src/activity-drawer-edit-dedup.js is dynamically imported by /workspace/work/scheduling-pr2/repo/frontend/src/feature-loaders.js but also statically imported by /workspace/work/scheduling-pr2/repo/frontend/src/activity-drawer-layout-pipeline.js, /workspace/work/scheduling-pr2/repo/frontend/src/screens/shared/bind-activity-edit-form.js, dynamic import will not move module into another chunk.

[plugin vite:reporter]
(!) /workspace/work/scheduling-pr2/repo/frontend/src/screens/activities.js is dynamically imported by /workspace/work/scheduling-pr2/repo/frontend/src/dashboard-drilldown-runtime.js?v=20260821-v1, /workspace/work/scheduling-pr2/repo/frontend/src/feature-loaders.js, /workspace/work/scheduling-pr2/repo/frontend/src/main.js but also statically imported by /workspace/work/scheduling-pr2/repo/frontend/src/activities-tabs-corrections.js, /workspace/work/scheduling-pr2/repo/frontend/src/activity-performance-runtime.js, /workspace/work/scheduling-pr2/repo/frontend/src/israa-activities-main-workspace.js?v=20260926-v7, /workspace/work/scheduling-pr2/repo/frontend/src/israa-management-activities-ux-fix.js?v=20260824-v1, dynamic import will not move module into another chunk.

[plugin vite:reporter]
(!) /workspace/work/scheduling-pr2/repo/frontend/src/feature-loaders.js is dynamically imported by /workspace/work/scheduling-pr2/repo/frontend/src/main.js but also statically imported by /workspace/work/scheduling-pr2/repo/frontend/src/feature-route-loader.js, /workspace/work/scheduling-pr2/repo/frontend/src/manager-board-interactions-runtime.js?v=20260910-manager-board-direct-interactions-v1, /workspace/work/scheduling-pr2/repo/frontend/src/progressive-route-warmup.js, /workspace/work/scheduling-pr2/repo/frontend/src/screens/proposals-agreements.js, /workspace/work/scheduling-pr2/repo/frontend/src/screens/proposals-agreements.js?v=20260912-client-drawer-cleanup-v1, dynamic import will not move module into another chunk.

[plugin vite:reporter]
(!) /workspace/work/scheduling-pr2/repo/frontend/src/birthday-calendar.js is dynamically imported by /workspace/work/scheduling-pr2/repo/frontend/src/feature-loaders.js, /workspace/work/scheduling-pr2/repo/frontend/src/feature-loaders.js but also statically imported by /workspace/work/scheduling-pr2/repo/frontend/src/manager-board-runtime.js?v=20261009-manager-board-side-panels-v1, /workspace/work/scheduling-pr2/repo/frontend/src/screens/instructor-portal/calendar.js, dynamic import will not move module into another chunk.

[plugin vite:reporter]
(!) /workspace/work/scheduling-pr2/repo/frontend/src/screens/attendance-control.js?v=20261005-manager-reopen-hierarchy-v1 is dynamically imported by /workspace/work/scheduling-pr2/repo/frontend/src/admin-attendance-standalone.js?v=20261007-inactive-attendance-roster-v1, /workspace/work/scheduling-pr2/repo/frontend/src/manager-board-workspace-runtime.js?v=20261007-inactive-attendance-roster-v2, /workspace/work/scheduling-pr2/repo/frontend/src/payroll-control-test-mode.js?v=20260817-v4, /workspace/work/scheduling-pr2/repo/frontend/src/screens/shared/payroll-control-launcher.js but also statically imported by /workspace/work/scheduling-pr2/repo/frontend/src/admin-attendance-standalone.js?v=20261007-inactive-attendance-roster-v1, /workspace/work/scheduling-pr2/repo/frontend/src/manager-board-workspace-runtime.js?v=20261007-inactive-attendance-roster-v2, dynamic import will not move module into another chunk.

computing gzip size...
dist/assets/course-scheduling-cache-worker-D5ElKw-Y.js                 0.29 kB
dist/assets/manifest-CxkAavht.json                                     1.12 kB │ gzip:   0.42 kB
dist/feedback.html                                                     1.82 kB │ gzip:   0.94 kB
dist/index.html                                                        3.20 kB │ gzip:   1.13 kB
dist/assets/apple-touch-icon-DZF9rhdV.png                             15.56 kB
dist/assets/taasiyeda-logo-B1rnIkUf.png                               16.38 kB
dist/assets/taasiyeda1-Jtel3xEn.png                                   24.42 kB
dist/assets/logo_system-koyfqh2I.png                                  27.63 kB
dist/assets/favicon-D0Y9bj5H.ico                                      47.11 kB
dist/assets/logo1-sNrSbLi9.png                                       168.82 kB
dist/assets/Arimo-Regular-DtBhdGpM.ttf                               317.65 kB
dist/assets/Arimo-Bold-BjWBU6ph.ttf                                  318.18 kB
dist/assets/Arimo-Medium-DBzaS3RL.ttf                                320.66 kB
dist/assets/Arimo-SemiBold-soJdDiwj.ttf                              321.66 kB
dist/assets/style-DBU3x1G9.css                                       858.65 kB │ gzip: 129.89 kB
dist/assets/israa-tracking-hierarchy-runtime-BS5VfqIA.js               0.06 kB │ gzip:   0.08 kB
dist/assets/orders-CX_dibNU.js                                         0.10 kB │ gzip:   0.11 kB
dist/assets/reports-B8oZnkjg.js                                        0.32 kB │ gzip:   0.28 kB
dist/assets/annual-reviews-rating-comment-compact-Cb6uZ8BZ.js          0.35 kB │ gzip:   0.25 kB
dist/assets/annual-reviews-safe-extension-styles-CfOtZujX.js           0.58 kB │ gzip:   0.33 kB
dist/assets/_commonjsHelpers-D6-XlEtG.js                               0.73 kB │ gzip:   0.39 kB
dist/assets/activity-drawer-floating-actions-uWc7nqic.js               0.77 kB │ gzip:   0.40 kB
dist/assets/annual-reviews-manager-dedup-FmYCMkdL.js                   0.79 kB │ gzip:   0.49 kB
dist/assets/activity-2026-season-query-hotfix-B7I-xBNs.js              1.00 kB │ gzip:   0.52 kB
dist/assets/operations-2027-date-range-fix-BJfNlOzX.js                 1.02 kB │ gzip:   0.56 kB
dist/assets/calendar-cache-key-D5_8MngY.js                             1.07 kB │ gzip:   0.47 kB
dist/assets/proposal-client-home-load-more-fix-xLxiqRmI.js             1.09 kB │ gzip:   0.56 kB
dist/assets/birthday-instructor-caption-Dasvawi1.js                    1.13 kB │ gzip:   0.60 kB
dist/assets/activity-type-icons-DMWpch7J.js                            1.19 kB │ gzip:   0.58 kB
dist/assets/annual-reviews-ui-compact-feedback-qmwNhBlq.js             1.28 kB │ gzip:   0.50 kB
dist/assets/activity-drawer-VIt36dDX.js                                1.29 kB │ gzip:   0.68 kB
dist/assets/proposal-next-year-space-workshop-pricing-DboqUu0d.js      1.33 kB │ gzip:   0.62 kB
dist/assets/operations-summer-training-matrix-CFAthyEU.js              1.56 kB │ gzip:   0.80 kB
dist/assets/completion-approval-status-Di2QHh42.js                     1.57 kB │ gzip:   0.78 kB
dist/assets/activity-feedback-button-CnbIwMsi.js                       1.58 kB │ gzip:   0.89 kB
dist/assets/proposal-editor-controller-CqpapMNY.js                     1.60 kB │ gzip:   0.60 kB
dist/assets/work-schedule-DIUJVBQ6.js                                  1.65 kB │ gzip:   0.87 kB
dist/assets/proposal-pdf-storage-key-hotfix-DV2DJr6Q.js                1.67 kB │ gzip:   0.82 kB
dist/assets/work-schedule-print-reliability-DDSIcahg.js                1.80 kB │ gzip:   0.82 kB
dist/assets/client-contact-persistence-DHDTVF6v.js                     1.86 kB │ gzip:   0.89 kB
dist/assets/admin-lists-auth-hotfix-DiXO527p.js                        1.87 kB │ gzip:   0.91 kB
dist/assets/birthday-popup-session-guard-BOYTyIGi.js                   1.98 kB │ gzip:   0.88 kB
dist/assets/proposal-pdf-svg-origin-clean-CaljcYhn.js                  2.04 kB │ gzip:   0.99 kB
dist/assets/annual-reviews-next-school-year-safe-B6XN6w97.js           2.12 kB │ gzip:   0.81 kB
dist/assets/annual-reviews-print-shell-fix-zQYt1BSI.js                 2.20 kB │ gzip:   0.73 kB
dist/assets/annual-reviews-print-plain-BtFbmXnU.js                     2.26 kB │ gzip:   0.95 kB
dist/assets/proposal-new-contact-link-runtime-eIeEZ3kr.js              2.27 kB │ gzip:   0.99 kB
dist/assets/month-navigation-runtime-DJB13f8U.js                       2.52 kB │ gzip:   1.22 kB
dist/assets/admin-lists-BYT1tzth.js                                    2.60 kB │ gzip:   1.25 kB
dist/assets/activity-2027-contact-list-runtime-C_Rsqvy5.js             2.61 kB │ gzip:   1.13 kB
dist/assets/instructor-course-schedule-2027-DzxrWPLQ.js                2.69 kB │ gzip:   1.24 kB
dist/assets/proposal-summer-creation-retired-BWwGGNs7.js               2.73 kB │ gzip:   1.18 kB
dist/assets/school-catalog-bootstrap-hotfix-CPs21jvL.js                2.94 kB │ gzip:   1.20 kB
dist/assets/gefen-proposal-pdf-header-alignment-BMirQsLC.js            3.04 kB │ gzip:   1.21 kB
dist/assets/manager-gantt-placeholder-runtime--jzDVBqw.js              3.08 kB │ gzip:   1.31 kB
dist/assets/admin-settings-BkFQtUx-.js                                 3.12 kB │ gzip:   1.40 kB
dist/assets/course-meeting-substitute-requests-DZmScSuz.js             3.23 kB │ gzip:   1.41 kB
dist/assets/dashboard-month-navigation-runtime-BSkr7D9o.js             3.25 kB │ gzip:   1.38 kB
dist/assets/proposal-pdf-school-filename-runtime-gYzOOT1Z.js           3.28 kB │ gzip:   1.32 kB
dist/assets/proposal-pdf-single-generation-hotfix-CNhuDu_T.js          3.35 kB │ gzip:   1.46 kB
dist/assets/proposal-full-clone-runtime-C-7UE2Ct.js                    3.42 kB │ gzip:   1.47 kB
dist/assets/feedback-DElIxcJo.js                                       3.47 kB │ gzip:   1.74 kB
dist/assets/admin-permissions-access-hotfix-BEN1sBHo.js                3.67 kB │ gzip:   1.52 kB
dist/assets/end-dates-live-fix-B4D9aBLZ.js                             3.70 kB │ gzip:   1.83 kB
dist/assets/proposal-pdf-download-filename-hotfix-Dth2XtoW.js          3.76 kB │ gzip:   1.59 kB
dist/assets/dashboard-_6O74gR_.js                                      3.79 kB │ gzip:   1.79 kB
dist/assets/proposal-operational-name-runtime-uJvr01P9.js              4.13 kB │ gzip:   1.66 kB
dist/assets/instructor-birthday-profile-CRK_bcAC.js                    4.78 kB │ gzip:   1.93 kB
dist/assets/instructor-scheduling-data-e8t5fRG3.js                     4.80 kB │ gzip:   1.78 kB
dist/assets/my-activities-DqEZT8x6.js                                  4.85 kB │ gzip:   1.96 kB
dist/assets/operations-completion-toolbar-compact-DNVYiW2C.js          4.88 kB │ gzip:   1.49 kB
dist/assets/payroll-control-test-review-fix-CaFibxwp.js                4.89 kB │ gzip:   2.09 kB
dist/assets/proposal-summer-list-runtime-B0e0VwRs.js                   4.92 kB │ gzip:   1.84 kB
dist/assets/annual-reviews-safe-runtime-DtS-FBV1.js                    5.42 kB │ gzip:   2.37 kB
dist/assets/catalog-BJV2xcK4.js                                        5.86 kB │ gzip:   1.97 kB
dist/assets/team-calendar-runtime-DVIZjFal.js                          6.03 kB │ gzip:   2.62 kB
dist/assets/school-calendar-runtime-BvYs-_Nq.js                        6.07 kB │ gzip:   2.03 kB
dist/assets/proposal-details-public-cleanup-DteGjReu.js                6.14 kB │ gzip:   2.05 kB
dist/assets/course-scheduling-manager-approval-6CtNMDv1.js             6.21 kB │ gzip:   2.34 kB
dist/assets/israa-proposal-items-CuBYXh5L.js                           6.36 kB │ gzip:   2.45 kB
dist/assets/birthday-popup-CwtByerj.js                                 6.51 kB │ gzip:   2.70 kB
dist/assets/israa-tracking-filters-runtime-DYEPg11n.js                 6.73 kB │ gzip:   2.47 kB
dist/assets/activities-tabs-corrections-CuPJEqIQ.js                    6.82 kB │ gzip:   2.86 kB
dist/assets/summer-feedback-instructor-card-DBwftanh.js                7.40 kB │ gzip:   2.53 kB
dist/assets/payroll-control-test-plain-status-Km7aI6td.js              7.74 kB │ gzip:   1.97 kB
dist/assets/end-dates-C8K_t_iF.js                                      7.76 kB │ gzip:   2.90 kB
dist/assets/proposal-filtered-tab-count-runtime-CbhfXjt2.js            7.89 kB │ gzip:   2.93 kB
dist/assets/portal-data-DfvLUV0Z.js                                    8.05 kB │ gzip:   2.60 kB
dist/assets/proposal-domain-routing-Dwsn6Uvx.js                        8.09 kB │ gzip:   3.18 kB
dist/assets/operations-inventory-polish-Cte4lRro.js                    8.18 kB │ gzip:   2.70 kB
dist/assets/proposal-gefen-approval-list-status-DVkOD6Gf.js            8.31 kB │ gzip:   3.03 kB
dist/assets/instructor-guidelines-D4r-QP0J.js                          8.36 kB │ gzip:   2.95 kB
dist/assets/annual-reviews-final-pdf-safe-XwCL34A2.js                  8.45 kB │ gzip:   3.19 kB
dist/assets/payroll-control-window-fix-DalWUgLW.js                     8.87 kB │ gzip:   2.67 kB
dist/assets/proposal-activity-linking-D9dsJE8T.js                      9.29 kB │ gzip:   3.57 kB
dist/assets/proposal-approval-runtime-BiOkFUKL.js                      9.35 kB │ gzip:   3.69 kB
dist/assets/summer-feedback-admin-integration-Cmu_xUFG.js              9.37 kB │ gzip:   3.37 kB
dist/assets/instructor-course-schedule-print-D1xmEZPU.js               9.38 kB │ gzip:   3.33 kB
dist/assets/annual-reviews-manager-question-set-CKkxNWLj.js            9.89 kB │ gzip:   3.59 kB
dist/assets/activities-approved-ui-fix-XwEvG05j.js                    10.01 kB │ gzip:   2.69 kB
dist/assets/activities-approved-ui-fix-C_OuPeSd.js                    10.01 kB │ gzip:   2.69 kB
dist/assets/admin-home-CMkkvDJL.js                                    10.03 kB │ gzip:   3.47 kB
dist/assets/gefen-proposal-layout-update-BUov7Uwk.js                  10.32 kB │ gzip:   2.33 kB
dist/assets/israa-activities-main-workspace-DML01Rdq.js               10.46 kB │ gzip:   3.94 kB
dist/assets/instructor-completion-approvals-R0rTKoc_.js               10.95 kB │ gzip:   3.72 kB
dist/assets/operations-visual-tweaks-Cdq9Tx1Y.js                      11.01 kB │ gzip:   2.51 kB
dist/assets/calendar-urP5KPOZ.js                                      11.04 kB │ gzip:   4.06 kB
dist/assets/annual-reviews-language-safe-BXJh35TP.js                  11.45 kB │ gzip:   3.12 kB
dist/assets/annual-reviews-role-lessons-safe-DybRNeiz.js              11.50 kB │ gzip:   2.85 kB
dist/assets/week--Bnqir7Y.js                                          11.54 kB │ gzip:   4.55 kB
dist/assets/month-DOi_sQfi.js                                         11.92 kB │ gzip:   4.63 kB
dist/assets/admin-keyboard-converter-VW4TxVTn.js                      12.01 kB │ gzip:   3.54 kB
dist/assets/proposal-incomplete-print-runtime-DrMkReX2.js             12.28 kB │ gzip:   4.32 kB
dist/assets/instructors-workspace-nav-BeHNY1-Q.js                     12.60 kB │ gzip:   4.58 kB
dist/assets/client-file-layout-polish-Dl2LK5l7.js                     12.75 kB │ gzip:   2.79 kB
dist/assets/edit-requests-Dfdd2LrT.js                                 13.44 kB │ gzip:   4.54 kB
dist/assets/instructor-contacts-DT-rqCC3.js                           13.54 kB │ gzip:   5.19 kB
dist/assets/proposal-drawer-activity-style-B7SG6V-r.js                13.69 kB │ gzip:   2.57 kB
dist/assets/activity-completion-approval-print-DYN9Nz7g.js            14.02 kB │ gzip:   4.83 kB
dist/assets/annual-reviews-readable-print-DSUDXPa9.js                 14.09 kB │ gzip:   3.93 kB
dist/assets/admin-date-simulator-Cpca88ZL.js                          14.10 kB │ gzip:   4.16 kB
dist/assets/certificates-t3pIj3Ct.js                                  14.15 kB │ gzip:   4.63 kB
dist/assets/payroll-control-test-mode-DFKTW4s0.js                     14.57 kB │ gzip:   4.11 kB
dist/assets/exceptions-Il58sGUZ.js                                    14.61 kB │ gzip:   5.11 kB
dist/assets/contacts-full-directory-Do_3zDEc.js                       15.35 kB │ gzip:   5.10 kB
dist/assets/permissions-Kc1RBBhv.js                                   15.49 kB │ gzip:   4.70 kB
dist/assets/annual-reviews-isolated-print-3_frpgeP.js                 15.69 kB │ gzip:   4.16 kB
dist/assets/archive-B3YnsoiC.js                                       16.28 kB │ gzip:   5.47 kB
dist/assets/operations-authorities-cleanup-CF7O856O.js                16.91 kB │ gzip:   4.66 kB
dist/assets/payroll-control-finish-E9YZzQLU.js                        18.50 kB │ gzip:   6.18 kB
dist/assets/client-contact-persistence-hotfix-DpHm800Y.js             21.51 kB │ gzip:   6.13 kB
dist/assets/admin-messages-runtime-8YyVps4M.js                        22.21 kB │ gzip:   6.15 kB
dist/assets/proposal-workflow-completion-CPEGFxjk.js                  23.59 kB │ gzip:   7.30 kB
dist/assets/dashboard-B1qJ3nXE.js                                     25.05 kB │ gzip:   7.56 kB
dist/assets/operations-2027-loading-controller-CgtdFVQ5.js            27.74 kB │ gzip:   8.10 kB
dist/assets/instructors-CDgGll8D.js                                   28.61 kB │ gzip:   8.95 kB
dist/assets/instructors-BIMsI9ew.js                                   28.61 kB │ gzip:   8.95 kB
dist/assets/admin-pricing-simulator-B1tJwTz1.js                       28.62 kB │ gzip:   6.42 kB
dist/assets/feedback-form-DmvVM6qt.js                                 30.79 kB │ gzip:  10.65 kB
dist/assets/contacts-B0OA7YK5.js                                      31.81 kB │ gzip:   8.97 kB
dist/assets/israa-management-Dtfksm-u.js                              33.84 kB │ gzip:   9.24 kB
dist/assets/israa-tracking-v2-runtime-CXBw5dSN.js                     35.32 kB │ gzip:  10.77 kB
dist/assets/annual-reviews-v2-oq4skWwS.js                             39.66 kB │ gzip:  10.71 kB
dist/assets/invitations-DQZRWLpT.js                                   40.64 kB │ gzip:  10.74 kB
dist/assets/instructor-workspace-ui-Dqgl2p8V.js                       42.78 kB │ gzip:  13.27 kB
dist/assets/finance-BcH3AAsQ.js                                       61.95 kB │ gzip:  19.52 kB
dist/assets/attendance-control-DWfhKpum.js                           116.59 kB │ gzip:  33.03 kB
dist/assets/impact-feedback-5nftZmYs.js                              128.55 kB │ gzip:  39.32 kB
dist/assets/personal-reports-srP2qYVK.js                             152.70 kB │ gzip:  38.69 kB
dist/assets/operations-management-BrfcovPg.js                        164.16 kB │ gzip:  40.57 kB
dist/assets/supabase-client-C52UiXEL.js                              209.46 kB │ gzip:  54.55 kB
dist/assets/graph-mail-Dqf8w8Gc.js                                   289.86 kB │ gzip:  72.35 kB
dist/assets/proposals-agreements-DbqnrdSp.js                         328.22 kB │ gzip:  90.59 kB
dist/assets/proposals-agreements-C2BqsFgS.js                         328.22 kB │ gzip:  90.59 kB
dist/assets/course-scheduling-BU6ho1il.js                            422.86 kB │ gzip: 116.92 kB
dist/assets/outlook-CfTE6qVx.js                                    1,377.67 kB │ gzip: 490.77 kB
dist/assets/index-CeAh4BRh.js                                      1,674.06 kB │ gzip: 469.95 kB

(!) Some chunks are larger than 500 kB after minification. Consider:
- Using dynamic import() to code-split the application
- Use build.rollupOptions.output.manualChunks to improve chunking: https://rollupjs.org/configuration-options/#output-manualchunks
- Adjust chunk size limit for this warning via build.chunkSizeWarningLimit.
✓ built in 10.63s
[postbuild-dist] precache entries: 5
