
> workspace@1.0.0 build
> node scripts/sync-attendance-vendor.mjs && vite build && node scripts/postbuild-dist.mjs

[sync-attendance-vendor] copied @supabase/supabase-js UMD build to attendance/vendor/supabase.js
vite v6.4.2 building for production...
transforming...
frontend/src/screens/attendance-control.js?v=20261005-manager-reopen-hierarchy-v1 (117:37): "default" is not exported by "../../scheduling-pr1/repo/node_modules/xlsx/xlsx.mjs", imported by "frontend/src/screens/attendance-control.js?v=20261005-manager-reopen-hierarchy-v1".
frontend/src/screens/attendance-control.js (117:37): "default" is not exported by "../../scheduling-pr1/repo/node_modules/xlsx/xlsx.mjs", imported by "frontend/src/screens/attendance-control.js".
✓ 807 modules transformed.
rendering chunks...
[plugin vite:reporter] 
(!) /workspace/work/scheduling-pr2/repo/frontend/src/activity-drawer-inline-layout.js is dynamically imported by /workspace/work/scheduling-pr2/repo/frontend/src/feature-loaders.js but also statically imported by /workspace/work/scheduling-pr2/repo/frontend/src/activity-drawer-layout-pipeline.js, dynamic import will not move module into another chunk.

[plugin vite:reporter] 
(!) /workspace/work/scheduling-pr2/repo/frontend/src/activity-drawer-edit-dedup.js is dynamically imported by /workspace/work/scheduling-pr2/repo/frontend/src/feature-loaders.js but also statically imported by /workspace/work/scheduling-pr2/repo/frontend/src/activity-drawer-layout-pipeline.js, /workspace/work/scheduling-pr2/repo/frontend/src/screens/shared/bind-activity-edit-form.js, dynamic import will not move module into another chunk.

[plugin vite:reporter] 
(!) /workspace/work/scheduling-pr2/repo/frontend/src/screens/activities.js is dynamically imported by /workspace/work/scheduling-pr2/repo/frontend/src/dashboard-drilldown-runtime.js?v=20260821-v1, /workspace/work/scheduling-pr2/repo/frontend/src/feature-loaders.js, /workspace/work/scheduling-pr2/repo/frontend/src/main.js but also statically imported by /workspace/work/scheduling-pr2/repo/frontend/src/activities-tabs-corrections.js, /workspace/work/scheduling-pr2/repo/frontend/src/activity-performance-runtime.js, /workspace/work/scheduling-pr2/repo/frontend/src/israa-activities-main-workspace.js?v=20260926-v7, /workspace/work/scheduling-pr2/repo/frontend/src/israa-management-activities-ux-fix.js?v=20260824-v1, dynamic import will not move module into another chunk.

[plugin vite:reporter] 
(!) /workspace/work/scheduling-pr2/repo/frontend/src/feature-loaders.js is dynamically imported by /workspace/work/scheduling-pr2/repo/frontend/src/main.js but also statically imported by /workspace/work/scheduling-pr2/repo/frontend/src/feature-route-loader.js, /workspace/work/scheduling-pr2/repo/frontend/src/manager-board-interactions-runtime.js?v=20260910-manager-board-direct-interactions-v1, /workspace/work/scheduling-pr2/repo/frontend/src/progressive-route-warmup.js, /workspace/work/scheduling-pr2/repo/frontend/src/screens/proposals-agreements.js, /workspace/work/scheduling-pr2/repo/frontend/src/screens/proposals-agreements.js?v=20260912-client-drawer-cleanup-v1, dynamic import will not move module into another chunk.

[plugin vite:reporter] 
(!) /workspace/work/scheduling-pr2/repo/frontend/src/birthday-calendar.js is dynamically imported by /workspace/work/scheduling-pr2/repo/frontend/src/feature-loaders.js, /workspace/work/scheduling-pr2/repo/frontend/src/feature-loaders.js but also statically imported by /workspace/work/scheduling-pr2/repo/frontend/src/manager-board-runtime.js?v=20261009-manager-board-side-panels-v1, /workspace/work/scheduling-pr2/repo/frontend/src/screens/instructor-portal/calendar.js, dynamic import will not move module into another chunk.

[plugin vite:reporter] 
(!) /workspace/work/scheduling-pr2/repo/frontend/src/screens/attendance-control.js?v=20261005-manager-reopen-hierarchy-v1 is dynamically imported by /workspace/work/scheduling-pr2/repo/frontend/src/admin-attendance-standalone.js?v=20261007-inactive-attendance-roster-v1, /workspace/work/scheduling-pr2/repo/frontend/src/manager-board-workspace-runtime.js?v=20261007-inactive-attendance-roster-v2, /workspace/work/scheduling-pr2/repo/frontend/src/payroll-control-test-mode.js?v=20260817-v4, /workspace/work/scheduling-pr2/repo/frontend/src/screens/shared/payroll-control-launcher.js but also statically imported by /workspace/work/scheduling-pr2/repo/frontend/src/admin-attendance-standalone.js?v=20261007-inactive-attendance-roster-v1, /workspace/work/scheduling-pr2/repo/frontend/src/manager-board-workspace-runtime.js?v=20261007-inactive-attendance-roster-v2, dynamic import will not move module into another chunk.

computing gzip size...
dist/assets/course-scheduling-cache-worker-D5ElKw-Y.js                 0.29 kB
dist/assets/manifest-CxkAavht.json                                     1.12 kB │ gzip:   0.42 kB
dist/feedback.html                                                     1.82 kB │ gzip:   0.94 kB
dist/index.html                                                        3.20 kB │ gzip:   1.13 kB
dist/assets/apple-touch-icon-DZF9rhdV.png                             15.56 kB
dist/assets/taasiyeda-logo-B1rnIkUf.png                               16.38 kB
dist/assets/taasiyeda1-Jtel3xEn.png                                   24.42 kB
dist/assets/logo_system-koyfqh2I.png                                  27.63 kB
dist/assets/favicon-D0Y9bj5H.ico                                      47.11 kB
dist/assets/logo1-sNrSbLi9.png                                       168.82 kB
dist/assets/Arimo-Regular-DtBhdGpM.ttf                               317.65 kB
dist/assets/Arimo-Bold-BjWBU6ph.ttf                                  318.18 kB
dist/assets/Arimo-Medium-DBzaS3RL.ttf                                320.66 kB
dist/assets/Arimo-SemiBold-soJdDiwj.ttf                              321.66 kB
dist/assets/style-DBU3x1G9.css                                       858.65 kB │ gzip: 129.89 kB
dist/assets/israa-tracking-hierarchy-runtime-BS5VfqIA.js               0.06 kB │ gzip:   0.08 kB
dist/assets/orders-CX_dibNU.js                                         0.10 kB │ gzip:   0.11 kB
dist/assets/reports-DEeypOjW.js                                        0.32 kB │ gzip:   0.27 kB
dist/assets/annual-reviews-rating-comment-compact-Cb6uZ8BZ.js          0.35 kB │ gzip:   0.25 kB
dist/assets/annual-reviews-safe-extension-styles-CfOtZujX.js           0.58 kB │ gzip:   0.33 kB
dist/assets/_commonjsHelpers-D6-XlEtG.js                               0.73 kB │ gzip:   0.39 kB
dist/assets/activity-drawer-floating-actions-uWc7nqic.js               0.77 kB │ gzip:   0.40 kB
dist/assets/annual-reviews-manager-dedup-FmYCMkdL.js                   0.79 kB │ gzip:   0.49 kB
dist/assets/activity-2026-season-query-hotfix-B7I-xBNs.js              1.00 kB │ gzip:   0.52 kB
dist/assets/operations-2027-date-range-fix-BJfNlOzX.js                 1.02 kB │ gzip:   0.56 kB
dist/assets/calendar-cache-key-D_ipsvYQ.js                             1.07 kB │ gzip:   0.47 kB
dist/assets/proposal-client-home-load-more-fix-xLxiqRmI.js             1.09 kB │ gzip:   0.56 kB
dist/assets/birthday-instructor-caption-Dasvawi1.js                    1.13 kB │ gzip:   0.60 kB
dist/assets/activity-type-icons-DMWpch7J.js                            1.19 kB │ gzip:   0.58 kB
dist/assets/annual-reviews-ui-compact-feedback-qmwNhBlq.js             1.28 kB │ gzip:   0.50 kB
dist/assets/activity-drawer-BJ64DyU1.js                                1.29 kB │ gzip:   0.67 kB
dist/assets/proposal-next-year-space-workshop-pricing-CXPTkWe9.js      1.33 kB │ gzip:   0.62 kB
dist/assets/operations-summer-training-matrix-CVedOueh.js              1.56 kB │ gzip:   0.79 kB
dist/assets/completion-approval-status-Di2QHh42.js                     1.57 kB │ gzip:   0.78 kB
dist/assets/activity-feedback-button-Cd8ijeTg.js                       1.58 kB │ gzip:   0.89 kB
dist/assets/proposal-editor-controller-CqpapMNY.js                     1.60 kB │ gzip:   0.60 kB
dist/assets/work-schedule-DUSwS2Sf.js                                  1.65 kB │ gzip:   0.87 kB
dist/assets/proposal-pdf-storage-key-hotfix-Bl5s7ZNI.js                1.67 kB │ gzip:   0.82 kB
dist/assets/work-schedule-print-reliability-DDSIcahg.js                1.80 kB │ gzip:   0.82 kB
dist/assets/client-contact-persistence-DHDTVF6v.js                     1.86 kB │ gzip:   0.89 kB
dist/assets/admin-lists-auth-hotfix-BDWLImch.js                        1.87 kB │ gzip:   0.90 kB
dist/assets/birthday-popup-session-guard-BOYTyIGi.js                   1.98 kB │ gzip:   0.88 kB
dist/assets/proposal-pdf-svg-origin-clean-CaljcYhn.js                  2.04 kB │ gzip:   0.99 kB
dist/assets/annual-reviews-next-school-year-safe-CRgF0Nnx.js           2.12 kB │ gzip:   0.80 kB
dist/assets/annual-reviews-print-shell-fix-zQYt1BSI.js                 2.20 kB │ gzip:   0.73 kB
dist/assets/annual-reviews-print-plain-BtFbmXnU.js                     2.26 kB │ gzip:   0.95 kB
dist/assets/proposal-new-contact-link-runtime-BN8--KWz.js              2.27 kB │ gzip:   0.99 kB
dist/assets/month-navigation-runtime-uf67Uz4P.js                       2.52 kB │ gzip:   1.22 kB
dist/assets/admin-lists-X5k1CNke.js                                    2.60 kB │ gzip:   1.25 kB
dist/assets/activity-2027-contact-list-runtime-BlI7HsBe.js             2.61 kB │ gzip:   1.13 kB
dist/assets/instructor-course-schedule-2027-ChW_QsLu.js                2.69 kB │ gzip:   1.24 kB
dist/assets/proposal-summer-creation-retired-BWwGGNs7.js               2.73 kB │ gzip:   1.18 kB
dist/assets/school-catalog-bootstrap-hotfix-CPs21jvL.js                2.94 kB │ gzip:   1.20 kB
dist/assets/gefen-proposal-pdf-header-alignment-BMirQsLC.js            3.04 kB │ gzip:   1.21 kB
dist/assets/manager-gantt-placeholder-runtime--jzDVBqw.js              3.08 kB │ gzip:   1.31 kB
dist/assets/admin-settings-7ThDXBCH.js                                 3.12 kB │ gzip:   1.40 kB
dist/assets/course-meeting-substitute-requests-DZmScSuz.js             3.23 kB │ gzip:   1.41 kB
dist/assets/dashboard-month-navigation-runtime-DVjP6syh.js             3.25 kB │ gzip:   1.39 kB
dist/assets/proposal-pdf-school-filename-runtime-gYzOOT1Z.js           3.28 kB │ gzip:   1.32 kB
dist/assets/proposal-pdf-single-generation-hotfix-DDWtPCtC.js          3.35 kB │ gzip:   1.47 kB
dist/assets/proposal-full-clone-runtime-COGyGrzL.js                    3.42 kB │ gzip:   1.47 kB
dist/assets/feedback-DElIxcJo.js                                       3.47 kB │ gzip:   1.74 kB
dist/assets/admin-permissions-access-hotfix-BcZR2fUE.js                3.67 kB │ gzip:   1.52 kB
dist/assets/end-dates-live-fix-BM9phfGI.js                             3.70 kB │ gzip:   1.82 kB
dist/assets/proposal-pdf-download-filename-hotfix-CqPBJOqR.js          3.76 kB │ gzip:   1.59 kB
dist/assets/dashboard-Dz8fF1xw.js                                      3.79 kB │ gzip:   1.79 kB
dist/assets/proposal-operational-name-runtime-uJvr01P9.js              4.13 kB │ gzip:   1.66 kB
dist/assets/instructor-birthday-profile-CRK_bcAC.js                    4.78 kB │ gzip:   1.93 kB
dist/assets/instructor-scheduling-data-e8t5fRG3.js                     4.80 kB │ gzip:   1.78 kB
dist/assets/my-activities-Bwhn7T7z.js                                  4.85 kB │ gzip:   1.95 kB
dist/assets/operations-completion-toolbar-compact-Br7xYg77.js          4.88 kB │ gzip:   1.49 kB
dist/assets/payroll-control-test-review-fix-CaFibxwp.js                4.89 kB │ gzip:   2.09 kB
dist/assets/proposal-summer-list-runtime-B0e0VwRs.js                   4.92 kB │ gzip:   1.84 kB
dist/assets/annual-reviews-safe-runtime-DFxBldIL.js                    5.42 kB │ gzip:   2.37 kB
dist/assets/catalog-BA3xzRsT.js                                        5.86 kB │ gzip:   1.97 kB
dist/assets/team-calendar-runtime-C8wwjhas.js                          6.03 kB │ gzip:   2.62 kB
dist/assets/school-calendar-runtime-rTjYH64g.js                        6.07 kB │ gzip:   2.03 kB
dist/assets/proposal-details-public-cleanup-DteGjReu.js                6.14 kB │ gzip:   2.05 kB
dist/assets/course-scheduling-manager-approval-BNipnQoK.js             6.21 kB │ gzip:   2.34 kB
dist/assets/israa-proposal-items-Cq4hZr6V.js                           6.36 kB │ gzip:   2.45 kB
dist/assets/birthday-popup-CwtByerj.js                                 6.51 kB │ gzip:   2.70 kB
dist/assets/israa-tracking-filters-runtime-DYEPg11n.js                 6.73 kB │ gzip:   2.47 kB
dist/assets/activities-tabs-corrections-Cxks9O9C.js                    6.82 kB │ gzip:   2.86 kB
dist/assets/summer-feedback-instructor-card-DBwftanh.js                7.40 kB │ gzip:   2.53 kB
dist/assets/payroll-control-test-plain-status-Km7aI6td.js              7.74 kB │ gzip:   1.97 kB
dist/assets/end-dates-Dh_6AaMc.js                                      7.76 kB │ gzip:   2.90 kB
dist/assets/proposal-filtered-tab-count-runtime-CbhfXjt2.js            7.89 kB │ gzip:   2.93 kB
dist/assets/portal-data-DlPwMDQd.js                                    8.05 kB │ gzip:   2.59 kB
dist/assets/proposal-domain-routing-ILjRJSDb.js                        8.09 kB │ gzip:   3.18 kB
dist/assets/operations-inventory-polish-NVUrKUvK.js                    8.18 kB │ gzip:   2.70 kB
dist/assets/proposal-gefen-approval-list-status-CszV25OT.js            8.31 kB │ gzip:   3.03 kB
dist/assets/instructor-guidelines-DKsebUgR.js                          8.36 kB │ gzip:   2.95 kB
dist/assets/annual-reviews-final-pdf-safe-UaM948Rz.js                  8.45 kB │ gzip:   3.18 kB
dist/assets/payroll-control-window-fix-DalWUgLW.js                     8.87 kB │ gzip:   2.67 kB
dist/assets/proposal-activity-linking-BUb1Iom9.js                      9.29 kB │ gzip:   3.57 kB
dist/assets/proposal-approval-runtime-CtE54X18.js                      9.35 kB │ gzip:   3.69 kB
dist/assets/summer-feedback-admin-integration-Cmu_xUFG.js              9.37 kB │ gzip:   3.37 kB
dist/assets/instructor-course-schedule-print-iDrR-3EZ.js               9.38 kB │ gzip:   3.32 kB
dist/assets/annual-reviews-manager-question-set-CXxj5TQK.js            9.89 kB │ gzip:   3.59 kB
dist/assets/activities-approved-ui-fix-CTPgICix.js                    10.01 kB │ gzip:   2.69 kB
dist/assets/activities-approved-ui-fix-C4vv7b-K.js                    10.01 kB │ gzip:   2.69 kB
dist/assets/admin-home-MvI2jCnV.js                                    10.03 kB │ gzip:   3.48 kB
dist/assets/gefen-proposal-layout-update-BUov7Uwk.js                  10.32 kB │ gzip:   2.33 kB
dist/assets/israa-activities-main-workspace-Bd81vVcV.js               10.46 kB │ gzip:   3.94 kB
dist/assets/instructor-completion-approvals-CkGB4SVy.js               10.95 kB │ gzip:   3.72 kB
dist/assets/operations-visual-tweaks-DsaX-tOi.js                      11.01 kB │ gzip:   2.51 kB
dist/assets/calendar-kT7g12qO.js                                      11.04 kB │ gzip:   4.06 kB
dist/assets/annual-reviews-language-safe-BXJh35TP.js                  11.45 kB │ gzip:   3.12 kB
dist/assets/annual-reviews-role-lessons-safe-Bqe1TMpQ.js              11.50 kB │ gzip:   2.85 kB
dist/assets/week-4yc_2Wqw.js                                          11.54 kB │ gzip:   4.55 kB
dist/assets/month-D9_SmHS7.js                                         11.92 kB │ gzip:   4.63 kB
dist/assets/admin-keyboard-converter-CwZzzWeI.js                      12.01 kB │ gzip:   3.54 kB
dist/assets/proposal-incomplete-print-runtime-Dbgd9DP1.js             12.28 kB │ gzip:   4.32 kB
dist/assets/instructors-workspace-nav-C0w53H8w.js                     12.60 kB │ gzip:   4.58 kB
dist/assets/client-file-layout-polish-Dl2LK5l7.js                     12.75 kB │ gzip:   2.79 kB
dist/assets/edit-requests-BzeJJZS8.js                                 13.44 kB │ gzip:   4.54 kB
dist/assets/instructor-contacts-CysDt1SB.js                           13.54 kB │ gzip:   5.19 kB
dist/assets/proposal-drawer-activity-style-B7SG6V-r.js                13.69 kB │ gzip:   2.57 kB
dist/assets/activity-completion-approval-print-BxgA6kge.js            14.02 kB │ gzip:   4.83 kB
dist/assets/annual-reviews-readable-print-DSUDXPa9.js                 14.09 kB │ gzip:   3.93 kB
dist/assets/admin-date-simulator-PGQmO_fW.js                          14.10 kB │ gzip:   4.16 kB
dist/assets/certificates-t3pIj3Ct.js                                  14.15 kB │ gzip:   4.63 kB
dist/assets/payroll-control-test-mode-BnslZ1RO.js                     14.57 kB │ gzip:   4.11 kB
dist/assets/exceptions-yUHShcAP.js                                    14.61 kB │ gzip:   5.11 kB
dist/assets/contacts-full-directory-B1rB5J3w.js                       15.35 kB │ gzip:   5.10 kB
dist/assets/permissions-7jC4ksdS.js                                   15.49 kB │ gzip:   4.70 kB
dist/assets/annual-reviews-isolated-print-3_frpgeP.js                 15.69 kB │ gzip:   4.16 kB
dist/assets/archive-DDIjDL9_.js                                       16.28 kB │ gzip:   5.47 kB
dist/assets/operations-authorities-cleanup-DxKbpzkd.js                16.91 kB │ gzip:   4.65 kB
dist/assets/payroll-control-finish-BKkJlic2.js                        18.50 kB │ gzip:   6.18 kB
dist/assets/client-contact-persistence-hotfix-CgjsAWcG.js             21.51 kB │ gzip:   6.13 kB
dist/assets/admin-messages-runtime-BFr9sfkP.js                        22.21 kB │ gzip:   6.15 kB
dist/assets/proposal-workflow-completion-CiyMjWEw.js                  23.59 kB │ gzip:   7.30 kB
dist/assets/dashboard-BcL3FRD5.js                                     25.05 kB │ gzip:   7.56 kB
dist/assets/operations-2027-loading-controller-Di2CcIyJ.js            27.74 kB │ gzip:   8.10 kB
dist/assets/instructors-BwCcRa9L.js                                   28.61 kB │ gzip:   8.95 kB
dist/assets/instructors-DL6OyO1X.js                                   28.61 kB │ gzip:   8.95 kB
dist/assets/admin-pricing-simulator-C71PkX5u.js                       28.62 kB │ gzip:   6.42 kB
dist/assets/feedback-form-DmvVM6qt.js                                 30.79 kB │ gzip:  10.65 kB
dist/assets/contacts-BKZrtbuV.js                                      31.81 kB │ gzip:   8.97 kB
dist/assets/israa-management-g5_2rn5u.js                              33.84 kB │ gzip:   9.24 kB
dist/assets/israa-tracking-v2-runtime-X1x-qzxW.js                     35.32 kB │ gzip:  10.77 kB
dist/assets/annual-reviews-v2-z6Nv8Jpz.js                             39.66 kB │ gzip:  10.71 kB
dist/assets/invitations-DQZRWLpT.js                                   40.64 kB │ gzip:  10.74 kB
dist/assets/instructor-workspace-ui-B6RegHvQ.js                       42.78 kB │ gzip:  13.27 kB
dist/assets/finance-3uuElA-3.js                                       61.95 kB │ gzip:  19.52 kB
dist/assets/attendance-control-C-pLn3bm.js                           116.59 kB │ gzip:  33.03 kB
dist/assets/impact-feedback-BcesEU8A.js                              128.55 kB │ gzip:  39.32 kB
dist/assets/personal-reports-_uDbFBwq.js                             152.70 kB │ gzip:  38.69 kB
dist/assets/operations-management-C15Wuw5A.js                        164.16 kB │ gzip:  40.57 kB
dist/assets/supabase-client-C52UiXEL.js                              209.46 kB │ gzip:  54.55 kB
dist/assets/graph-mail-Dqf8w8Gc.js                                   289.86 kB │ gzip:  72.35 kB
dist/assets/proposals-agreements-DSubxHjM.js                         328.22 kB │ gzip:  90.59 kB
dist/assets/proposals-agreements-CJ4XiVHv.js                         328.22 kB │ gzip:  90.59 kB
dist/assets/course-scheduling-8YRzlGSv.js                            422.83 kB │ gzip: 116.91 kB
dist/assets/outlook-CCXoqpI3.js                                    1,377.67 kB │ gzip: 490.77 kB
dist/assets/index-CjpQ1ywc.js                                      1,673.70 kB │ gzip: 469.86 kB

(!) Some chunks are larger than 500 kB after minification. Consider:
- Using dynamic import() to code-split the application
- Use build.rollupOptions.output.manualChunks to improve chunking: https://rollupjs.org/configuration-options/#output-manualchunks
- Adjust chunk size limit for this warning via build.chunkSizeWarningLimit.
✓ built in 9.57s
[postbuild-dist] precache entries: 5
